app/profile/backtests/[id]/page.tsx(127,13): error TS2322: Type '{ label: string; value: string; change: number | null; }' is not assignable to type 'IntrinsicAttributes & MetricsCardProps'.
  Property 'label' does not exist on type 'IntrinsicAttributes & MetricsCardProps'.
app/profile/backtests/[id]/page.tsx(132,13): error TS2322: Type '{ label: string; value: string; }' is not assignable to type 'IntrinsicAttributes & MetricsCardProps'.
  Property 'label' does not exist on type 'IntrinsicAttributes & MetricsCardProps'.
app/profile/backtests/[id]/page.tsx(136,13): error TS2322: Type '{ label: string; value: string; change: number | undefined; }' is not assignable to type 'IntrinsicAttributes & MetricsCardProps'.
  Property 'label' does not exist on type 'IntrinsicAttributes & MetricsCardProps'.
app/profile/backtests/[id]/page.tsx(141,13): error TS2322: Type '{ label: string; value: string; }' is not assignable to type 'IntrinsicAttributes & MetricsCardProps'.
  Property 'label' does not exist on type 'IntrinsicAttributes & MetricsCardProps'.
app/profile/backtests/[id]/page.tsx(150,26): error TS2322: Type '{ id: string; date: string; equity_value: number; }[]' is not assignable to type 'EquityCurvePoint[]'.
  Property 'equity' is missing in type '{ id: string; date: string; equity_value: number; }' but required in type 'EquityCurvePoint'.
app/profile/backtests/[id]/page.tsx(155,28): error TS2322: Type '{ data: { date: string; drawdown: number; }[]; }' is not assignable to type 'IntrinsicAttributes & DrawdownChartProps'.
  Property 'data' does not exist on type 'IntrinsicAttributes & DrawdownChartProps'.
app/profile/backtests/[id]/page.tsx(162,24): error TS2322: Type '{ id: string; entry_date: string; exit_date: string; entry_price: number; exit_price: number; profit: number; profit_percent: number; }[]' is not assignable to type 'Trade[]'.
  Type '{ id: string; entry_date: string; exit_date: string; entry_price: number; exit_price: number; profit: number; profit_percent: number; }' is missing the following properties from type 'Trade': quantity, pnl, pnl_percent
app/results/page.tsx(11,3): error TS6133: 'Trade' is declared but its value is never read.
app/results/page.tsx(12,3): error TS6133: 'BacktestMetrics' is declared but its value is never read.
app/results/page.tsx(13,3): error TS6133: 'EquityCurvePoint' is declared but its value is never read.
